
> wahi-domain-backend@0.1.0 test
> node --test test/*.test.js

✔ rum package 750mL: exact 1.5 US fluid ounce serving (5.54825ms)
✔ rum package 1L: exact 1.5 US fluid ounce serving (0.542875ms)
✔ rum package 1.75L: exact 1.5 US fluid ounce serving (0.435958ms)
✔ rum package 6 × 750mL: exact 1.5 US fluid ounce serving (0.339958ms)
✔ pound/cup bridge, tablespoon/cup/gram/pound traversal and inverse use exact ratios (1.582375ms)
✔ direct dash-family alias and indirect operational alias are rejected (0.846625ms)
✔ 0.00113636 fl oz drops are independent ingredient observations, never a default (0.514083ms)
✔ one pineapple to 4.84 cups chopped costs a 3 fl oz portion without allocation (0.737583ms)
✔ Ginger weight purchase propagates unresolved through source, recipe and menu until its own bridge exists (2.230792ms)
✔ explicit Water zero survives recipe, history and audit; missing price remains distinct (1.107625ms)
✔ all three independent blockers and known subtotal propagate through three nested recipes (3.332292ms)
✔ nested fixed 25/180, 18-minute derived labor and own recipe labor are counted exactly once (1.545875ms)
✔ price: before/at/after boundary and no backward extrapolation (7.295292ms)
✔ yield: before/at/after boundary and no backward extrapolation (1.148917ms)
✔ measurement: before/at/after boundary and no backward extrapolation (0.623167ms)
✔ recipe: before/at/after boundary and no backward extrapolation (0.827917ms)
✔ laborRate: before/at/after boundary and no backward extrapolation (0.654333ms)
✔ sellingPrice: before/at/after boundary and no backward extrapolation (0.673875ms)
✔ BOH rate retroactive effective September 12 keeps both clocks and prior rate (0.698917ms)
✔ price entered September 20 effective September 10 preserves original September 1 price and audit (0.408917ms)
✔ 200 versus 240g conflicts; exactly equivalent paths agree, even with trailing decimal precision (0.529833ms)
✔ deep repeating fractions, fractional quantities, tiny and large amounts retain exact internal precision (4.506958ms)
✔ reject invalid numeric input "-1" atomically (0.84625ms)
✔ reject invalid numeric input "NaN" atomically (0.429542ms)
✔ reject invalid numeric input "Infinity" atomically (0.368625ms)
✔ reject invalid numeric input "-Infinity" atomically (0.347791ms)
✔ reject invalid numeric input "1e3" atomically (0.35875ms)
✔ reject invalid numeric input "1,000" atomically (0.324833ms)
✔ reject invalid numeric input " 1" atomically (0.327125ms)
✔ reject invalid numeric input "1.2.3" atomically (0.344125ms)
✔ reject invalid numeric input 1 atomically (0.469834ms)
✔ zero denominators and invalid calendar/submillisecond dates are rejected (0.402375ms)
✔ recipe revisions, lines, steps and returned operational views cannot mutate history (0.710667ms)
✔ archive every identity preserves old costs and prevents new selection (2.180542ms)
✔ Fish Four, Three and Two remain independent menu identities without inferred lineage (0.311125ms)
✔ Lead/Staff deep response allowlists and every mutation deny internal data before input parsing (1.789792ms)
✔ undated evidence cannot mask a dated source cycle; rollback includes implicit basis and audits (0.638792ms)
✔ correction of inactive evidence audits actual superseded row, not a null prior value (0.433125ms)
✔ price: real August 15 cost stays unresolved when required fact starts September 1 (0.502042ms)
✔ measurement: real August 15 cost stays unresolved when required fact starts September 1 (0.334208ms)
✔ yield: real August 15 cost stays unresolved when required fact starts September 1 (0.416083ms)
✔ recipe: real August 15 cost stays unresolved when required fact starts September 1 (1.225042ms)
✔ laborRate: real August 15 cost stays unresolved when required fact starts September 1 (0.481416ms)
✔ withdrawing an unused yield or recipe revision cannot deactivate a selected purchase basis (0.829291ms)
✔ one purchased line reports missing price AND missing physical bridge together (0.370167ms)
✔ exact decimal arithmetic avoids binary floating point and rounds only at output (1.057791ms)
✔ all required standard conversions, including inverse paths and unambiguous ounces (2.912583ms)
✔ ingredient-specific density resolves both directions across mass and volume (1.1125ms)
✔ fluid and mass dashes, drops and custom servings never leak across ingredients (1.122583ms)
✔ count bridge resolves each to grams and back; multi-bridge paths reach volume (0.410625ms)
✔ conflicting paths are reported with measurement evidence, even on standard-family requests (1.1275ms)
✔ pineapple $3 / 12 spears costs $0.25; independent yields have no allocation (2.006167ms)
✔ missing yield saves and propagates; seven resolved lines preserve subtotal and counts (11.176084ms)
✔ missing physical bridge does not prevent source or recipe save and later resolves automatically (1.093792ms)
✔ resolved zero water differs from unpriced ingredient and is never auto-added (1.256125ms)
✔ multiple purchasing options require explicit selection; package is not a global unit (0.71375ms)
✔ multi-generation source/source/recipe traversal preserves exact arithmetic (0.902ms)
✔ fixed labor preserves legacy allocation with no inferred time or department (0.510958ms)
✔ time labor uses dated department rates and nested material/labor remain separate (1.762333ms)
✔ configured incomplete labor or missing department rate leaves complete cost null (0.621167ms)
✔ historical prices and yields select independent effective revisions (0.743ms)
✔ retroactive recording preserves effective and recorded time and as-known history (0.511458ms)
✔ same-effective corrections require supersession and preserve original record (0.559208ms)
✔ unknown effective facts remain evidence and never acquire a guessed date (0.272291ms)
✔ direct, indirect and mixed cycles rejected transactionally with complete path (0.853666ms)
✔ future graph boundaries and concurrent reciprocal edits cannot create cycles (0.475375ms)
✔ evaluator defensively reports cycle from corrupted legacy-shaped state (0.198125ms)
✔ audit groups atomic changes, stores prior/new facts, actor and evidence (0.470417ms)
✔ permissions allow internal cost only to Admin/Manager while menu price remains operational (1.728166ms)
✔ historical recipe, measurement and purchase selection revisions independently reproduce costs (1.398417ms)
✔ measurement evidence is not inherited by a source-derived ingredient; keys cannot cross owners (0.52125ms)
✔ currency mismatches cannot be silently added and incomplete fixed labor is unresolved (0.575ms)
✔ undated conceptual source relationships reject cycles before activation (0.359ms)
✔ selling prices have independent history; archival does not manufacture menu lineage (0.26275ms)
✔ PostgreSQL migration is explicit, transactional, idempotent and isolated (653.080875ms)
✔ PostgreSQL stores exact prices, recipe lines/steps, partial costs and transactional audit (49.768041ms)
✔ PostgreSQL rolls back domain changes if audit insertion fails (15.94275ms)
✔ PostgreSQL serializes independent writers to prevent mixed dependency cycles (12.30525ms)
✔ PostgreSQL prevents history mutation and foreign reference corruption (14.520416ms)
✔ PostgreSQL persists historical measurements, labor, menu prices and operational projections (37.009459ms)
✔ Phase 1 connection factory refuses remote database configuration and legacy fallback (0.242583ms)
✔ PostgreSQL concurrent price updates retain history and reject same-effective ambiguity (34.575667ms)
✔ PostgreSQL concurrent yield updates retain history and reject same-effective ambiguity (31.066291ms)
✔ PostgreSQL concurrent recipe updates retain history and reject same-effective ambiguity (41.85425ms)
✔ PostgreSQL concurrent basis updates retain history and reject same-effective ambiguity (33.871667ms)
✔ PostgreSQL archive lifecycle persists while immutable package and recipe facts remain protected (44.164334ms)
✔ PostgreSQL rejects invalid physical NUMERIC values directly, including NaN and infinity (117.72975ms)
✔ PostgreSQL directly enforces revision scope collisions and preserves explicit supersession (54.027583ms)
✔ PostgreSQL grouped source/basis/audit transaction rolls back completely on audit failure (32.802042ms)
ℹ tests 89
ℹ suites 0
ℹ pass 89
ℹ fail 0
ℹ cancelled 0
ℹ skipped 0
ℹ todo 0
ℹ duration_ms 1442.241084
